✔ duplicate proof and canonical scope do not depend on review order (59.534417ms)
✔ saved QLoRA duplicate findings retain all three proofs before editing (71.377375ms)
✔ authority rejects a different candidate, input binding or canonical obligation scope (0.3875ms)
✔ conflicting duplicate proof requirements are rejected instead of last-wins (2.255375ms)
✔ an issued receipt cannot authorize changed support or a changed decision requirement (1.247125ms)
✔ TriRoute opening review owns its narrow proof without inheriting the separate collapse lesson (453.431708ms)
✔ FlashAttention retained plan table and known baseline citations reach scientific and visual review (221.654583ms)
✔ Mamba glyph correction uses the smallest native union owner instead of an immutable discriminator leaf (5.197625ms)
✔ Mamba exact operand keeps native limits and can move to an owning scalar node without losing dependencies (0.734125ms)
✔ known omitted evidence refreshes before scientific deletion authority without spending a repair (273.184625ms)
✔ ownership retains every frozen global requirement and equation while binding narrow visuals (0.944625ms)
✔ availability distinguishes unknown, known omitted and supplied without assuming scientific support (0.153333ms)
✔ figure and panel kind unions stay reserved for the explicit representation fallback (0.570958ms)
✔ infeasible exact operands promote before adjudication and remain in the canonical authority scope (1.280083ms)
✔ no native owner can hide a complete required value by widening bounds or dropping receipt scope (0.734583ms)
✔ actual component repair schedules the legal native glyph owner before scientific authority and editing (218.097292ms)
✔ published diagram replaces editorial presentation for 2106.09685 (18.844375ms)
✔ published diagram replaces editorial presentation for 2503.01840 (6.588875ms)
✔ pipeline publishes explanation and quiz with independent diagram rejection (text repair: false) (220.805333ms)
✔ pipeline publishes explanation and quiz with independent diagram rejection (text repair: true) (187.582333ms)
✔ component whole illustration cannot become a normal null replacement target (11.223833ms)
✔ component whole illustration cannot become a normal undefined replacement target (0.405375ms)
✔ component whole illustration cannot become a normal populated replacement target (47.641167ms)
✔ whole panel list remains reserved for replan when null (0.397542ms)
✔ whole panel list remains reserved for replan when undefined (0.105458ms)
✔ whole panel list remains reserved for replan when populated (17.705958ms)
✔ component representation guards retain precise panel leaves and native glyph owners (23.583833ms)
✔ one panel repair converges while another panel remains invalid (3.856709ms)
✔ one diagram panel repair converges while another semantic defect remains (0.81625ms)
✔ worker API negotiates components, reconciles completions, and rejects stale writers (37.557125ms)
✔ saved MegaBlocks worklist preserves supported progress (unsupported-review-demand) (472.702209ms)
✔ saved MegaBlocks worklist preserves supported progress (insufficient-evidence) (181.475417ms)
✔ saved MegaBlocks worklist preserves supported progress (unresolved-source-conflict) (144.824542ms)
✔ saved MegaBlocks worklist preserves supported progress (new-defect) (320.681375ms)
✔ saved MegaBlocks worklist preserves supported progress (unrelated-change) (271.182291ms)
✔ saved MegaBlocks worklist preserves supported progress (broken-dependency) (272.886583ms)
✔ saved probe wrapper formatting is removed from exact candidate evidence selection without granting scientific acceptance (28.5375ms)
✔ probe citations are constrained by the schema to actual supplied evidence (50.297792ms)
✔ saved mixed TriRoute cost equation cannot pass the component gate on a whole-equation Boolean audit (740.439917ms)
✔ scientific span registry excludes identity and citation metadata while preserving exact UTF-8 field bytes (0.745958ms)
✔ historical quote matching performs no whitespace normalization and grants no new scientific receipt (10.136417ms)
✔ exact probe selection fixes wrappers and rejects supplied-context citation drift while numbers alone remain insufficient (67.6335ms)
✔ saved TriRoute composite cost relation binds attention and null-excluding expert terms separately (1.669792ms)
✔ full private provenance coverage binds each origin to its exact candidate and source scope (2.352958ms)
✔ relation provenance rejects omission, duplication and cross-equation attribution (1.016583ms)
✔ another term's implementation sentence cannot certify an independently rejected attribution judgment (7.0445ms)
✔ implementation and derived passes require their own explicit candidate disclosure (0.869541ms)
✔ private relation receipts reject stale candidate bindings (2.486792ms)
✔ private relation receipts reject stale input bindings (0.958875ms)
✔ private relation receipts reject stale source bindings (1.161083ms)
✔ private relation receipts reject stale equation bindings (0.942208ms)
✔ private relation receipts reject stale relation bindings (1.062709ms)
✔ altered support bytes and unreceived passage IDs cannot authorize relation provenance (1.165458ms)
✔ full component pipeline requires independent scoped receipts and legacy whole-equation audits (complete: true) (23.698625ms)
✔ full component pipeline requires independent scoped receipts and legacy whole-equation audits (complete: false) (21.480417ms)
✔ scientific relation rejection has legal latex and dependent explanation targets while attribution-only repair stays narrow (3.353292ms)
✔ frozen rejected TriRoute candidate exposes the null-cost error and Appendix C reaches reviewers (4.22425ms)
✔ scientific dispositions reject missing, invented and inexact source proof (7.94825ms)
✔ bounded enrichment preserves pinned sources and cannot replace cited evidence (1.239209ms)
✔ research identity preserves version and rejects arbitrary locations (0.376791ms)
✔ an unsupported demand requires a receipt and fresh passing review without an edit (10.323208ms)
✔ adjudication cannot use a stale receipt or close a still-blocking fresh finding (0.851292ms)
✔ source refresh changes bindings and schemas without consuming an edit (0.597709ms)
✔ source refresh cannot discard a genuine finding when a fresh reviewer omits it (0.417958ms)
✔ scientific edit authority binds exact passages to the current active sources (0.542375ms)
✔ audit citation IDs derive from received passages rather than a second model citation list (8.842958ms)
✔ scientific authority cannot be bypassed by alternate numeric finding labels (0.8145ms)
✔ unsupported mathematical proposals never replace the prior candidate (31.367125ms)
✔ equation pre-adoption audits check fingerprints and exact source passages (2.512708ms)
✔ review target schemas allow only native catalog fields, including an empty catalog (0.30875ms)
✔ review citation schemas refresh excerpt IDs and reject passage IDs or invented citations (0.174333ms)
✔ initial evidence failures retain structured findings in the private ledger (0.2865ms)
✔ a scientific validation finding can acquire evidence authority before its native edit (2.560208ms)
✔ bounded evidence selection previews expose implementation endings (7.66625ms)
✔ controller patch diagnostics do not create new scientific obligations (0.298125ms)
✔ private checkpoints require exact bindings and survive process recreation (43.20775ms)
✔ validation comparison preserves unrelated defects but rejects new, unsafe or uncorrected dependencies (0.827459ms)
✔ stale workers cannot replace a private checkpoint after losing their lease (7.622292ms)
✔ explanation and entire quiz publish while a diagram fails; public views exclude private state (13.190125ms)
✔ unavailable dependencies cannot publish; stale dependent content is withheld (0.913041ms)
✔ one figure replacement preserves approved prose, other figures, quiz and reading progress (4.287458ms)
✔ completion is idempotent, rejects altered duplicates and validates live leases and reviews before writes (0.721833ms)
✔ source registry retains more than fourteen immutable excerpts; legacy adapter does not rewrite content (0.430833ms)
✔ legacy editorial diagrams obey manifest dependency visibility during replacement (0.299875ms)
✔ handled execution failure saves terminal approved partial paper and not-run components (121.565417ms)
✔ thrown review checkpoints the merged ledger without changing its private candidate (0.667ms)
✔ same-job missing run checkpoint fails closed before a model call (4.004125ms)
✔ same-job syntax run checkpoint fails closed before a model call (4.466208ms)
✔ same-job shape run checkpoint fails closed before a model call (3.985667ms)
✔ same-job binding run checkpoint fails closed before a model call (4.135917ms)
✔ an explicit new retry may create its own bounded run despite an unavailable prior checkpoint (49.374833ms)
✔ recreated component preserves ordered focus instead of rebuilding it from the source union (54.951042ms)
✔ same-job invalid component candidate fails closed before any model call (44.075292ms)
✔ same-job invalid component ledger fails closed before any model call (26.203375ms)
✔ same-job invalid component round fails closed before any model call (24.416875ms)
✔ same-job invalid component focus fails closed before any model call (36.576083ms)
✔ same-job invalid component cache fails closed before any model call (32.119333ms)
✔ checkpoint writer rejects a repair shape its reader cannot restore (1.187125ms)
✔ handled failure preserves every retained evidence decision rather than a tail of sixty-four (58.656583ms)
✔ an adopted private patch and reserved round survive interrupted artifact recording (2.565542ms)
✔ recovery preserves resolved and replacement history after old native leaf targets disappear (4.0195ms)
✔ private complete overlong text survives checkpoint recreation while publication limits remain native (4.119625ms)
✔ new review obligations survive interrupted diagnostic recording (0.635167ms)
✔ new adjudication obligations survive interrupted diagnostic recording (0.26175ms)
✔ new refresh obligations survive interrupted diagnostic recording (0.260167ms)
✔ authoritative component checkpoint survives evidence-history artifact write failure (22.721084ms)
✔ interrupted evidence selection reserves its stage allowance before calling the model (0.370083ms)
✔ terminal result retains one passed publication fact when its following checkpoint fails (19.408541ms)
✔ reclaimed current-job receipt bridges the committed publication to missing completion checkpoint (21.844541ms)
✔ a new explicit job cannot skip its requested replacement using old-job receipts (27.147875ms)
✔ stale receipt completion revision is pruned and reviewed instead of skipped (31.163291ms)
✔ stale checkpoint completion revision is pruned and reviewed instead of skipped (18.535625ms)
✔ matching receipt revisions cannot recover a component with changed published dependencies (15.431417ms)
✔ invalid reclaimed receipt projection fails closed before model and status calls (17.157833ms)
✔ inner defect-identities filesystem failure retains new findings and prior ledger without approving verification (30.895917ms)
✔ inner reviews filesystem failure retains new findings and prior ledger without approving verification (30.695791ms)
✔ successful explanation retry with retained stale quiz cannot accept its old passing outcome (17.384875ms)
✔ successful explanation retry with projected stale quiz cannot accept its old passing outcome (0.8055ms)
✔ a current ready kit entry without actual quiz content remains unaccepted (0.632542ms)
✔ prior reviewed revisions remain accepted while their new attempt is failed (0.428375ms)
✔ reviewed legacy projection remains accepted without a manifest migration (2.4055ms)
✔ id-only or malformed-manifest passing claims fail closed (1.085458ms)
✔ complete successful preconfigured component retries resolve obsolete aggregate failure but retain initial failure (2.129666ms)
✔ passed original outcomes with terminal execution failure remain failed without recovered component retries (0.344084ms)
✔ missing result cannot replace published aggregate progress or resolve initial failure (0.100625ms)
✔ empty outcomes cannot replace published aggregate progress or resolve initial failure (0.088167ms)
✔ wrong target cannot replace published aggregate progress or resolve initial failure (0.080833ms)
✔ wrong paper cannot replace published aggregate progress or resolve initial failure (0.070125ms)
✔ failed target cannot replace published aggregate progress or resolve initial failure (0.07075ms)
✔ not-run target cannot replace published aggregate progress or resolve initial failure (0.076125ms)
✔ partial result cannot replace published aggregate progress or resolve initial failure (0.077334ms)
✔ terminal retry failure cannot replace published aggregate progress or resolve initial failure (0.109ms)
✔ nonzero completion cannot replace published aggregate progress or resolve initial failure (0.075917ms)
✔ uncertain completion cannot replace published aggregate progress or resolve initial failure (0.064ms)
✔ one successful retry cannot substitute for an unresolved original component (0.64775ms)
✔ private invocation facts distinguish timeout, spawn, process exit and schema without raw text (2.19775ms)
✔ capacity retry preserves the observed final attempt without exposing stderr (1.018625ms)
✔ timeout and other process failures never receive capacity retries (0.35575ms)
✔ capacity rejection retries the failed step and retains its eventual result (1.629542ms)
✔ persistent capacity failures are bounded and content failures never retry (0.341667ms)
✔ required mechanism coverage cannot be waived by an otherwise positive reviewer (2.887459ms)
✔ generation restricts every citation field to supplied sources (3.037959ms)
✔ recall citation inventory can retain all fourteen supplied sources during a repair (0.600459ms)
✔ targeted recall repairs retain fields the reviewer did not reject (0.508917ms)
✔ one technical failure blocks publication independently of all other checks (0.261584ms)
✔ reviews cannot omit checks or invent supporting source references (0.251708ms)
✔ planning must respect available evidence and not force unsupported detail (0.299084ms)
✔ SVG rejects raw LaTeX rather than displaying unreadable source notation (1.373583ms)
✔ caption repair preserves panel order and forbids partial replacement (0.48575ms)
✔ Unicode transpose and exponent glyphs are rendered through native SVG superscripts (2.864459ms)
✔ tall figure review slices overlap and retain the final portion (101.194ms)
✔ diagram locations override mislabeled recall views for repair targeting (0.518875ms)
✔ unit and equation edits preserve unrelated recall, assignments and source identities (14.775958ms)
✔ a scope/citation fix has no whole-recall target and cannot rewrite equations (1.324959ms)
✔ native target schema rejects overlength, invented sources, stale and unchanged patches (1.4735ms)
✔ omitting an unresolved defect never approves it or freezes a prior positive review (1.598834ms)
✔ rejected edits retain the original candidate and consume the existing budget (1.384083ms)
✔ rejection bookkeeping cannot hide a repeated repair from the two-attempt fallback (2.204417ms)
✔ one bounded representation fallback preserves the recall and rechecks every gate (1.5115ms)
✔ a second capability fallback stops instead of repeatedly redrawing (1.989625ms)
✔ complete review is required even with no open defects, and interruptions are separate (2.260458ms)
✔ the earlier MegaBlocks eight-token/six-token conflict fails before drafting (1.616291ms)
✔ planning comparison preserves all declared identities and block arithmetic (32.487667ms)
✔ block grouping survives generation/publication schemas while legacy slot output is unchanged (0.99975ms)
✔ format recovery removes only received JSON fences and never invents missing content (0.497375ms)
✔ edit model receives native constraints and fingerprint-bound output schema (0.8115ms)
✔ rejected representation patches never adopt a replacement plan (1.5905ms)
✔ supplement edits preserve every other figure and quiz question (1.947375ms)
✔ overlapping targets are rejected and execution failures never become content retries (1.265125ms)
✔ review evidence binding changes with sources, schema or renderer inputs (1.670042ms)
✔ schematic token circles stay separate and connectors touch visible shapes (138.425291ms)
✔ renderer defects locate a figure for one bounded replan without editable targets (2.186875ms)
✔ defect verification receives current renderings and rejects stale bindings (0.823584ms)
✔ duplicate findings in one review retain both obligations without counting recurrence (1.183417ms)
✔ representation feasibility selects native edits without weakening acceptance (1.008041ms)
✔ source numeric gates recognize thousands without inventing fragments or values (7.3445ms)
✔ crowded memory transfer numbers have explicit leaders to their own connector (20.967916ms)
✔ adopted replans support explicit geometry resolution but never auto-resolve scientific findings (3.739417ms)
✔ retain corrected A privately with unrelated disputed B, then resolve B (2.206958ms)
✔ defect identity survives category changes and wider field localization (1.288041ms)
✔ an interrupted edit reserves its budget in the checkpoint before execution (1.194042ms)
✔ complete overlength drafts stay private and shorten through native field repairs (0.828833ms)
✔ native text findings override duplicate reviewer ownership and survive exhaustion (0.358917ms)
✔ identity reconciliation preserves renamed and relocated defects without merging distinct invariants (1.684875ms)
✔ duplicate identities within the first review share one controller obligation (0.461542ms)
✔ text repair receives the rejected math error and retains targeted retries (1.705125ms)
✔ first patch audit receives the newly registered targeted defect (1.172583ms)
✔ owning-array patches retain an unchanged overlong sibling privately but reject newly overlong text (1.130625ms)
✔ an owning-array patch adopts A while unchanged unrelated B remains disputed (0.901875ms)
✔ identical defect IDs retain one repair owner despite reviewer category disagreement (0.212709ms)
✔ stale adjudication remains history without blocking fresh ordinary verification (binding-change) (11.920875ms)
✔ stale adjudication remains history without blocking fresh ordinary verification (scope-change) (1.465833ms)
✔ a current adjudication still requires explicit adjudication verification (0.70175ms)
✔ a current adjudication cannot close a still-blocking fresh finding (3.162125ms)
✔ omitting verification never automatically closes a disputed obligation (1.171584ms)
ℹ tests 195
ℹ suites 0
ℹ pass 195
ℹ fail 0
ℹ cancelled 0
ℹ skipped 0
ℹ todo 0
ℹ duration_ms 2424.765083
