✔ duplicate proof and canonical scope do not depend on review order (79.607667ms)
✔ saved QLoRA duplicate findings retain all three proofs before editing (71.688292ms)
✔ authority rejects a different candidate, input binding or canonical obligation scope (0.43175ms)
✔ conflicting duplicate proof requirements are rejected instead of last-wins (3.61ms)
✔ an issued receipt cannot authorize changed support or a changed decision requirement (2.98075ms)
✔ TriRoute opening review owns its narrow proof without inheriting the separate collapse lesson (341.152ms)
✔ FlashAttention retained plan table and known baseline citations reach scientific and visual review (202.055583ms)
✔ Mamba glyph correction uses the smallest native union owner instead of an immutable discriminator leaf (5.254667ms)
✔ Mamba exact operand keeps native limits and can move to an owning scalar node without losing dependencies (0.730166ms)
✔ known omitted evidence refreshes before scientific deletion authority without spending a repair (267.191167ms)
✔ ownership retains every frozen global requirement and equation while binding narrow visuals (0.88525ms)
✔ availability distinguishes unknown, known omitted and supplied without assuming scientific support (0.145792ms)
✔ figure and panel kind unions stay reserved for the explicit representation fallback (0.602792ms)
✔ infeasible exact operands promote before adjudication and remain in the canonical authority scope (1.062125ms)
✔ no native owner can hide a complete required value by widening bounds or dropping receipt scope (0.723958ms)
✔ actual component repair schedules the legal native glyph owner before scientific authority and editing (232.993333ms)
✔ published diagram replaces editorial presentation for 2106.09685 (10.901958ms)
✔ published diagram replaces editorial presentation for 2503.01840 (2.694917ms)
✔ pipeline publishes explanation and quiz with independent diagram rejection (text repair: false) (151.110875ms)
✔ pipeline publishes explanation and quiz with independent diagram rejection (text repair: true) (96.254917ms)
✔ component whole illustration cannot become a normal null replacement target (3.714958ms)
✔ component whole illustration cannot become a normal undefined replacement target (0.420667ms)
✔ component whole illustration cannot become a normal populated replacement target (82.992417ms)
✔ whole panel list remains reserved for replan when null (0.425542ms)
✔ whole panel list remains reserved for replan when undefined (0.107834ms)
✔ whole panel list remains reserved for replan when populated (12.575417ms)
✔ component representation guards retain precise panel leaves and native glyph owners (5.284042ms)
✔ one panel repair converges while another panel remains invalid (10.4525ms)
✔ one diagram panel repair converges while another semantic defect remains (1.030125ms)
✔ worker API negotiates components, reconciles completions, and rejects stale writers (90.582625ms)
✔ saved MegaBlocks worklist preserves supported progress (unsupported-review-demand) (351.909292ms)
✔ saved MegaBlocks worklist preserves supported progress (insufficient-evidence) (129.601ms)
✔ saved MegaBlocks worklist preserves supported progress (unresolved-source-conflict) (127.807833ms)
✔ saved MegaBlocks worklist preserves supported progress (new-defect) (275.970792ms)
✔ saved MegaBlocks worklist preserves supported progress (unrelated-change) (247.27ms)
✔ saved MegaBlocks worklist preserves supported progress (broken-dependency) (231.259125ms)
✔ frozen rejected TriRoute candidate exposes the null-cost error and Appendix C reaches reviewers (4.010041ms)
✔ scientific dispositions reject missing, invented and inexact source proof (0.330125ms)
✔ bounded enrichment preserves pinned sources and cannot replace cited evidence (1.058792ms)
✔ research identity preserves version and rejects arbitrary locations (0.37575ms)
✔ an unsupported demand requires a receipt and fresh passing review without an edit (4.789625ms)
✔ adjudication cannot use a stale receipt or close a still-blocking fresh finding (1.478333ms)
✔ source refresh changes bindings and schemas without consuming an edit (2.554959ms)
✔ source refresh cannot discard a genuine finding when a fresh reviewer omits it (1.285208ms)
✔ scientific edit authority binds exact passages to the current active sources (1.36625ms)
✔ audit citation IDs derive from received passages rather than a second model citation list (0.369459ms)
✔ scientific authority cannot be bypassed by alternate numeric finding labels (0.531041ms)
✔ unsupported mathematical proposals never replace the prior candidate (5.083625ms)
✔ equation pre-adoption audits check fingerprints and exact source passages (9.956959ms)
✔ review target schemas allow only native catalog fields, including an empty catalog (0.364625ms)
✔ review citation schemas refresh excerpt IDs and reject passage IDs or invented citations (0.182ms)
✔ initial evidence failures retain structured findings in the private ledger (0.377208ms)
✔ a scientific validation finding can acquire evidence authority before its native edit (2.883333ms)
✔ bounded evidence selection previews expose implementation endings (2.8ms)
✔ controller patch diagnostics do not create new scientific obligations (0.584709ms)
✔ private checkpoints require exact bindings and survive process recreation (23.410833ms)
✔ validation comparison preserves unrelated defects but rejects new, unsafe or uncorrected dependencies (2.719083ms)
✔ stale workers cannot replace a private checkpoint after losing their lease (9.541125ms)
✔ explanation and entire quiz publish while a diagram fails; public views exclude private state (7.953125ms)
✔ unavailable dependencies cannot publish; stale dependent content is withheld (1.072583ms)
✔ one figure replacement preserves approved prose, other figures, quiz and reading progress (1.978583ms)
✔ completion is idempotent, rejects altered duplicates and validates live leases and reviews before writes (0.551458ms)
✔ source registry retains more than fourteen immutable excerpts; legacy adapter does not rewrite content (0.33525ms)
✔ legacy editorial diagrams obey manifest dependency visibility during replacement (0.24275ms)
✔ handled execution failure saves terminal approved partial paper and not-run components (60.298583ms)
✔ thrown review checkpoints the merged ledger without changing its private candidate (0.883666ms)
✔ same-job missing run checkpoint fails closed before a model call (2.252291ms)
✔ same-job syntax run checkpoint fails closed before a model call (7.178459ms)
✔ same-job shape run checkpoint fails closed before a model call (4.536958ms)
✔ same-job binding run checkpoint fails closed before a model call (3.338041ms)
✔ an explicit new retry may create its own bounded run despite an unavailable prior checkpoint (24.952833ms)
✔ recreated component preserves ordered focus instead of rebuilding it from the source union (47.992834ms)
✔ same-job invalid component candidate fails closed before any model call (32.536916ms)
✔ same-job invalid component ledger fails closed before any model call (26.9815ms)
✔ same-job invalid component round fails closed before any model call (29.854833ms)
✔ same-job invalid component focus fails closed before any model call (35.221792ms)
✔ same-job invalid component cache fails closed before any model call (27.720958ms)
✔ checkpoint writer rejects a repair shape its reader cannot restore (0.9805ms)
✔ handled failure preserves every retained evidence decision rather than a tail of sixty-four (56.370375ms)
✔ an adopted private patch and reserved round survive interrupted artifact recording (2.1205ms)
✔ recovery preserves resolved and replacement history after old native leaf targets disappear (6.16025ms)
✔ private complete overlong text survives checkpoint recreation while publication limits remain native (2.496792ms)
✔ new review obligations survive interrupted diagnostic recording (0.690833ms)
✔ new adjudication obligations survive interrupted diagnostic recording (0.299792ms)
✔ new refresh obligations survive interrupted diagnostic recording (0.239459ms)
✔ authoritative component checkpoint survives evidence-history artifact write failure (18.038083ms)
✔ interrupted evidence selection reserves its stage allowance before calling the model (0.854875ms)
✔ terminal result retains one passed publication fact when its following checkpoint fails (18.556333ms)
✔ reclaimed current-job receipt bridges the committed publication to missing completion checkpoint (25.181042ms)
✔ a new explicit job cannot skip its requested replacement using old-job receipts (28.793417ms)
✔ stale receipt completion revision is pruned and reviewed instead of skipped (37.016583ms)
✔ stale checkpoint completion revision is pruned and reviewed instead of skipped (23.096958ms)
✔ matching receipt revisions cannot recover a component with changed published dependencies (24.983333ms)
✔ invalid reclaimed receipt projection fails closed before model and status calls (16.352125ms)
✔ inner defect-identities filesystem failure retains new findings and prior ledger without approving verification (38.131583ms)
✔ inner reviews filesystem failure retains new findings and prior ledger without approving verification (36.342833ms)
✔ private invocation facts distinguish timeout, spawn, process exit and schema without raw text (1.132542ms)
✔ capacity retry preserves the observed final attempt without exposing stderr (1.110375ms)
✔ timeout and other process failures never receive capacity retries (0.357042ms)
✔ capacity rejection retries the failed step and retains its eventual result (0.974833ms)
✔ persistent capacity failures are bounded and content failures never retry (0.526459ms)
✔ unit and equation edits preserve unrelated recall, assignments and source identities (17.387541ms)
✔ a scope/citation fix has no whole-recall target and cannot rewrite equations (1.441542ms)
✔ native target schema rejects overlength, invented sources, stale and unchanged patches (1.446125ms)
✔ omitting an unresolved defect never approves it or freezes a prior positive review (2.022291ms)
✔ rejected edits retain the original candidate and consume the existing budget (2.256834ms)
✔ rejection bookkeeping cannot hide a repeated repair from the two-attempt fallback (3.46125ms)
✔ one bounded representation fallback preserves the recall and rechecks every gate (1.805208ms)
✔ a second capability fallback stops instead of repeatedly redrawing (1.610917ms)
✔ complete review is required even with no open defects, and interruptions are separate (1.149375ms)
✔ the earlier MegaBlocks eight-token/six-token conflict fails before drafting (1.93625ms)
✔ planning comparison preserves all declared identities and block arithmetic (33.024125ms)
✔ block grouping survives generation/publication schemas while legacy slot output is unchanged (0.929125ms)
✔ format recovery removes only received JSON fences and never invents missing content (0.477208ms)
✔ edit model receives native constraints and fingerprint-bound output schema (0.876833ms)
✔ rejected representation patches never adopt a replacement plan (1.636208ms)
✔ supplement edits preserve every other figure and quiz question (1.963833ms)
✔ overlapping targets are rejected and execution failures never become content retries (0.918291ms)
✔ review evidence binding changes with sources, schema or renderer inputs (1.32275ms)
✔ schematic token circles stay separate and connectors touch visible shapes (147.964667ms)
✔ renderer defects locate a figure for one bounded replan without editable targets (3.718334ms)
✔ defect verification receives current renderings and rejects stale bindings (0.923334ms)
✔ duplicate findings in one review retain both obligations without counting recurrence (1.718625ms)
✔ representation feasibility selects native edits without weakening acceptance (1.3915ms)
✔ source numeric gates recognize thousands without inventing fragments or values (7.645708ms)
✔ crowded memory transfer numbers have explicit leaders to their own connector (22.522625ms)
✔ adopted replans support explicit geometry resolution but never auto-resolve scientific findings (3.801708ms)
✔ retain corrected A privately with unrelated disputed B, then resolve B (2.384834ms)
✔ defect identity survives category changes and wider field localization (1.347792ms)
✔ an interrupted edit reserves its budget in the checkpoint before execution (1.267458ms)
✔ complete overlength drafts stay private and shorten through native field repairs (0.910583ms)
✔ native text findings override duplicate reviewer ownership and survive exhaustion (0.4005ms)
✔ identity reconciliation preserves renamed and relocated defects without merging distinct invariants (1.911833ms)
✔ duplicate identities within the first review share one controller obligation (0.610042ms)
✔ text repair receives the rejected math error and retains targeted retries (1.697167ms)
✔ first patch audit receives the newly registered targeted defect (1.0175ms)
✔ owning-array patches retain an unchanged overlong sibling privately but reject newly overlong text (1.01725ms)
✔ an owning-array patch adopts A while unchanged unrelated B remains disputed (0.8795ms)
✔ identical defect IDs retain one repair owner despite reviewer category disagreement (0.225542ms)
ℹ tests 139
ℹ suites 0
ℹ pass 139
ℹ fail 0
ℹ cancelled 0
ℹ skipped 0
ℹ todo 0
ℹ duration_ms 2144.93975
