✔ duplicate proof and canonical scope do not depend on review order (57.988209ms)
✔ saved QLoRA duplicate findings retain all three proofs before editing (147.062917ms)
✔ authority rejects a different candidate, input binding or canonical obligation scope (0.479291ms)
✔ conflicting duplicate proof requirements are rejected instead of last-wins (2.535458ms)
✔ an issued receipt cannot authorize changed support or a changed decision requirement (2.93525ms)
✔ TriRoute opening review owns its narrow proof without inheriting the separate collapse lesson (190.600083ms)
✔ FlashAttention retained plan table and known baseline citations reach scientific and visual review (133.316542ms)
✔ Mamba glyph correction uses the smallest native union owner instead of an immutable discriminator leaf (5.609083ms)
✔ Mamba exact operand keeps native limits and can move to an owning scalar node without losing dependencies (0.807417ms)
✔ known omitted evidence refreshes before scientific deletion authority without spending a repair (192.427ms)
✔ ownership retains every frozen global requirement and equation while binding narrow visuals (0.963667ms)
✔ availability distinguishes unknown, known omitted and supplied without assuming scientific support (0.1435ms)
✔ figure and panel kind unions stay reserved for the explicit representation fallback (0.675292ms)
✔ infeasible exact operands promote before adjudication and remain in the canonical authority scope (1.214625ms)
✔ no native owner can hide a complete required value by widening bounds or dropping receipt scope (0.869542ms)
✔ actual component repair schedules the legal native glyph owner before scientific authority and editing (132.344042ms)
✔ published diagram replaces editorial presentation for 2106.09685 (7.083792ms)
✔ published diagram replaces editorial presentation for 2503.01840 (2.173875ms)
✔ pipeline publishes explanation and quiz with independent diagram rejection (text repair: false) (74.584958ms)
✔ pipeline publishes explanation and quiz with independent diagram rejection (text repair: true) (47.62975ms)
✔ one panel repair converges while another panel remains invalid (6.536458ms)
✔ one diagram panel repair converges while another semantic defect remains (12.472208ms)
✔ worker API negotiates components, reconciles completions, and rejects stale writers (39.660292ms)
✔ saved MegaBlocks worklist preserves supported progress (unsupported-review-demand) (141.939125ms)
✔ saved MegaBlocks worklist preserves supported progress (insufficient-evidence) (46.323083ms)
✔ saved MegaBlocks worklist preserves supported progress (unresolved-source-conflict) (42.151125ms)
✔ saved MegaBlocks worklist preserves supported progress (new-defect) (100.454792ms)
✔ saved MegaBlocks worklist preserves supported progress (unrelated-change) (98.325542ms)
✔ saved MegaBlocks worklist preserves supported progress (broken-dependency) (91.536667ms)
✔ frozen rejected TriRoute candidate exposes the null-cost error and Appendix C reaches reviewers (3.875ms)
✔ scientific dispositions reject missing, invented and inexact source proof (0.32875ms)
✔ bounded enrichment preserves pinned sources and cannot replace cited evidence (1.1335ms)
✔ research identity preserves version and rejects arbitrary locations (0.335292ms)
✔ an unsupported demand requires a receipt and fresh passing review without an edit (2.287417ms)
✔ adjudication cannot use a stale receipt or close a still-blocking fresh finding (0.805042ms)
✔ source refresh changes bindings and schemas without consuming an edit (0.573125ms)
✔ source refresh cannot discard a genuine finding when a fresh reviewer omits it (1.972667ms)
✔ scientific edit authority binds exact passages to the current active sources (1.432ms)
✔ audit citation IDs derive from received passages rather than a second model citation list (0.413959ms)
✔ scientific authority cannot be bypassed by alternate numeric finding labels (0.274625ms)
✔ unsupported mathematical proposals never replace the prior candidate (1.999833ms)
✔ equation pre-adoption audits check fingerprints and exact source passages (2.63025ms)
✔ review target schemas allow only native catalog fields, including an empty catalog (0.368417ms)
✔ review citation schemas refresh excerpt IDs and reject passage IDs or invented citations (0.24825ms)
✔ initial evidence failures retain structured findings in the private ledger (0.368208ms)
✔ a scientific validation finding can acquire evidence authority before its native edit (3.129625ms)
✔ bounded evidence selection previews expose implementation endings (3.877375ms)
✔ controller patch diagnostics do not create new scientific obligations (3.897417ms)
✔ unit and equation edits preserve unrelated recall, assignments and source identities (63.749625ms)
✔ a scope/citation fix has no whole-recall target and cannot rewrite equations (1.418291ms)
✔ native target schema rejects overlength, invented sources, stale and unchanged patches (1.495208ms)
✔ omitting an unresolved defect never approves it or freezes a prior positive review (1.385166ms)
✔ rejected edits retain the original candidate and consume the existing budget (4.384708ms)
✔ rejection bookkeeping cannot hide a repeated repair from the two-attempt fallback (4.361834ms)
✔ one bounded representation fallback preserves the recall and rechecks every gate (4.747459ms)
✔ a second capability fallback stops instead of repeatedly redrawing (1.688709ms)
✔ complete review is required even with no open defects, and interruptions are separate (1.176167ms)
✔ the earlier MegaBlocks eight-token/six-token conflict fails before drafting (1.479417ms)
✔ planning comparison preserves all declared identities and block arithmetic (52.125583ms)
✔ block grouping survives generation/publication schemas while legacy slot output is unchanged (3.59325ms)
✔ format recovery removes only received JSON fences and never invents missing content (0.596542ms)
✔ edit model receives native constraints and fingerprint-bound output schema (1.029333ms)
✔ rejected representation patches never adopt a replacement plan (1.99075ms)
✔ supplement edits preserve every other figure and quiz question (2.347167ms)
✔ overlapping targets are rejected and execution failures never become content retries (0.941458ms)
✔ review evidence binding changes with sources, schema or renderer inputs (1.369792ms)
✔ schematic token circles stay separate and connectors touch visible shapes (139.245667ms)
✔ renderer defects locate a figure for one bounded replan without editable targets (2.122833ms)
✔ defect verification receives current renderings and rejects stale bindings (0.785417ms)
✔ duplicate findings in one review retain both obligations without counting recurrence (1.143625ms)
✔ representation feasibility selects native edits without weakening acceptance (1.019667ms)
✔ source numeric gates recognize thousands without inventing fragments or values (6.138584ms)
✔ crowded memory transfer numbers have explicit leaders to their own connector (20.742125ms)
✔ adopted replans support explicit geometry resolution but never auto-resolve scientific findings (2.752083ms)
✔ retain corrected A privately with unrelated disputed B, then resolve B (1.299042ms)
✔ defect identity survives category changes and wider field localization (1.162458ms)
✔ an interrupted edit reserves its budget in the checkpoint before execution (2.042125ms)
✔ complete overlength drafts stay private and shorten through native field repairs (0.907584ms)
✔ native text findings override duplicate reviewer ownership and survive exhaustion (0.529583ms)
✔ identity reconciliation preserves renamed and relocated defects without merging distinct invariants (1.725625ms)
✔ duplicate identities within the first review share one controller obligation (0.469ms)
✔ text repair receives the rejected math error and retains targeted retries (1.703ms)
✔ first patch audit receives the newly registered targeted defect (0.932292ms)
✔ owning-array patches retain an unchanged overlong sibling privately but reject newly overlong text (0.970125ms)
✔ an owning-array patch adopts A while unchanged unrelated B remains disputed (0.820833ms)
✔ identical defect IDs retain one repair owner despite reviewer category disagreement (0.199959ms)
✔ stale adjudication remains history without blocking fresh ordinary verification (binding-change) (12.016ms)
✔ stale adjudication remains history without blocking fresh ordinary verification (scope-change) (1.546667ms)
✔ a current adjudication still requires explicit adjudication verification (1.581292ms)
✔ a current adjudication cannot close a still-blocking fresh finding (0.56175ms)
✔ omitting verification never automatically closes a disputed obligation (0.45825ms)
ℹ tests 91
ℹ suites 0
ℹ pass 91
ℹ fail 0
ℹ cancelled 0
ℹ skipped 0
ℹ todo 0
ℹ duration_ms 1432.052625
