✔ duplicate proof and canonical scope do not depend on review order (83.910458ms)
✔ saved QLoRA duplicate findings retain all three proofs before editing (140.056084ms)
✔ authority rejects a different candidate, input binding or canonical obligation scope (0.3805ms)
✔ conflicting duplicate proof requirements are rejected instead of last-wins (4.735084ms)
✔ an issued receipt cannot authorize changed support or a changed decision requirement (12.143583ms)
✔ TriRoute opening review owns its narrow proof without inheriting the separate collapse lesson (366.814292ms)
✔ FlashAttention retained plan table and known baseline citations reach scientific and visual review (189.727417ms)
✔ Mamba glyph correction uses the smallest native union owner instead of an immutable discriminator leaf (6.407291ms)
✔ Mamba exact operand keeps native limits and can move to an owning scalar node without losing dependencies (0.685458ms)
✔ known omitted evidence refreshes before scientific deletion authority without spending a repair (263.942958ms)
✔ ownership retains every frozen global requirement and equation while binding narrow visuals (0.871292ms)
✔ availability distinguishes unknown, known omitted and supplied without assuming scientific support (0.141417ms)
✔ figure and panel kind unions stay reserved for the explicit representation fallback (0.575417ms)
✔ infeasible exact operands promote before adjudication and remain in the canonical authority scope (0.981875ms)
✔ no native owner can hide a complete required value by widening bounds or dropping receipt scope (0.643708ms)
✔ actual component repair schedules the legal native glyph owner before scientific authority and editing (220.375958ms)
✔ published diagram replaces editorial presentation for 2106.09685 (9.890208ms)
✔ published diagram replaces editorial presentation for 2503.01840 (1.100584ms)
✔ pipeline publishes explanation and quiz with independent diagram rejection (text repair: false) (196.97325ms)
✔ pipeline publishes explanation and quiz with independent diagram rejection (text repair: true) (119.818583ms)
✔ component whole illustration cannot become a normal null replacement target (4.106667ms)
✔ component whole illustration cannot become a normal undefined replacement target (0.476875ms)
✔ component whole illustration cannot become a normal populated replacement target (108.655583ms)
✔ whole panel list remains reserved for replan when null (2.262583ms)
✔ whole panel list remains reserved for replan when undefined (0.38875ms)
✔ whole panel list remains reserved for replan when populated (20.754333ms)
✔ component representation guards retain precise panel leaves and native glyph owners (18.2875ms)
✔ one panel repair converges while another panel remains invalid (4.227542ms)
✔ one diagram panel repair converges while another semantic defect remains (0.929958ms)
✔ worker API negotiates components, reconciles completions, and rejects stale writers (84.581041ms)
✔ saved MegaBlocks worklist preserves supported progress (unsupported-review-demand) (375.8035ms)
✔ saved MegaBlocks worklist preserves supported progress (insufficient-evidence) (136.05475ms)
✔ saved MegaBlocks worklist preserves supported progress (unresolved-source-conflict) (124.6785ms)
✔ saved MegaBlocks worklist preserves supported progress (new-defect) (264.316209ms)
✔ saved MegaBlocks worklist preserves supported progress (unrelated-change) (233.100125ms)
✔ saved MegaBlocks worklist preserves supported progress (broken-dependency) (219.95575ms)
✔ frozen rejected TriRoute candidate exposes the null-cost error and Appendix C reaches reviewers (8.835875ms)
✔ scientific dispositions reject missing, invented and inexact source proof (0.354333ms)
✔ bounded enrichment preserves pinned sources and cannot replace cited evidence (1.183625ms)
✔ research identity preserves version and rejects arbitrary locations (0.383541ms)
✔ an unsupported demand requires a receipt and fresh passing review without an edit (2.332125ms)
✔ adjudication cannot use a stale receipt or close a still-blocking fresh finding (17.688667ms)
✔ source refresh changes bindings and schemas without consuming an edit (4.295791ms)
✔ source refresh cannot discard a genuine finding when a fresh reviewer omits it (3.7975ms)
✔ scientific edit authority binds exact passages to the current active sources (0.655459ms)
✔ audit citation IDs derive from received passages rather than a second model citation list (0.319458ms)
✔ scientific authority cannot be bypassed by alternate numeric finding labels (0.205208ms)
✔ unsupported mathematical proposals never replace the prior candidate (3.087458ms)
✔ equation pre-adoption audits check fingerprints and exact source passages (5.366458ms)
✔ review target schemas allow only native catalog fields, including an empty catalog (0.772167ms)
✔ review citation schemas refresh excerpt IDs and reject passage IDs or invented citations (0.485167ms)
✔ initial evidence failures retain structured findings in the private ledger (0.852167ms)
✔ a scientific validation finding can acquire evidence authority before its native edit (5.125459ms)
✔ bounded evidence selection previews expose implementation endings (3.314542ms)
✔ controller patch diagnostics do not create new scientific obligations (0.268334ms)
✔ private checkpoints require exact bindings and survive process recreation (36.96075ms)
✔ validation comparison preserves unrelated defects but rejects new, unsafe or uncorrected dependencies (0.455ms)
✔ stale workers cannot replace a private checkpoint after losing their lease (35.064791ms)
✔ explanation and entire quiz publish while a diagram fails; public views exclude private state (8.898333ms)
✔ unavailable dependencies cannot publish; stale dependent content is withheld (1.998584ms)
✔ one figure replacement preserves approved prose, other figures, quiz and reading progress (2.154875ms)
✔ completion is idempotent, rejects altered duplicates and validates live leases and reviews before writes (0.704625ms)
✔ source registry retains more than fourteen immutable excerpts; legacy adapter does not rewrite content (0.363834ms)
✔ legacy editorial diagrams obey manifest dependency visibility during replacement (0.653833ms)
✔ handled execution failure saves terminal approved partial paper and not-run components (76.111958ms)
✔ thrown review checkpoints the merged ledger without changing its private candidate (0.574666ms)
✔ same-job missing run checkpoint fails closed before a model call (2.477375ms)
✔ same-job syntax run checkpoint fails closed before a model call (4.831541ms)
✔ same-job shape run checkpoint fails closed before a model call (4.591458ms)
✔ same-job binding run checkpoint fails closed before a model call (3.586667ms)
✔ an explicit new retry may create its own bounded run despite an unavailable prior checkpoint (27.314375ms)
✔ recreated component preserves ordered focus instead of rebuilding it from the source union (59.452125ms)
✔ same-job invalid component candidate fails closed before any model call (35.724167ms)
✔ same-job invalid component ledger fails closed before any model call (35.54375ms)
✔ same-job invalid component round fails closed before any model call (32.146125ms)
✔ same-job invalid component focus fails closed before any model call (34.197334ms)
✔ same-job invalid component cache fails closed before any model call (22.138542ms)
✔ checkpoint writer rejects a repair shape its reader cannot restore (0.435792ms)
✔ handled failure preserves every retained evidence decision rather than a tail of sixty-four (53.216333ms)
✔ an adopted private patch and reserved round survive interrupted artifact recording (1.975292ms)
✔ recovery preserves resolved and replacement history after old native leaf targets disappear (2.680084ms)
✔ private complete overlong text survives checkpoint recreation while publication limits remain native (2.906292ms)
✔ new review obligations survive interrupted diagnostic recording (0.929458ms)
✔ new adjudication obligations survive interrupted diagnostic recording (0.302ms)
✔ new refresh obligations survive interrupted diagnostic recording (0.249583ms)
✔ authoritative component checkpoint survives evidence-history artifact write failure (24.335333ms)
✔ interrupted evidence selection reserves its stage allowance before calling the model (0.40225ms)
✔ terminal result retains one passed publication fact when its following checkpoint fails (22.606625ms)
✔ reclaimed current-job receipt bridges the committed publication to missing completion checkpoint (24.845292ms)
✔ a new explicit job cannot skip its requested replacement using old-job receipts (26.813375ms)
✔ stale receipt completion revision is pruned and reviewed instead of skipped (37.119167ms)
✔ stale checkpoint completion revision is pruned and reviewed instead of skipped (22.17ms)
✔ matching receipt revisions cannot recover a component with changed published dependencies (21.677833ms)
✔ invalid reclaimed receipt projection fails closed before model and status calls (19.541791ms)
✔ private invocation facts distinguish timeout, spawn, process exit and schema without raw text (0.984167ms)
✔ capacity retry preserves the observed final attempt without exposing stderr (0.414541ms)
✔ timeout and other process failures never receive capacity retries (0.142875ms)
✔ capacity rejection retries the failed step and retains its eventual result (0.932666ms)
✔ persistent capacity failures are bounded and content failures never retry (0.31725ms)
✔ unit and equation edits preserve unrelated recall, assignments and source identities (15.895583ms)
✔ a scope/citation fix has no whole-recall target and cannot rewrite equations (1.313375ms)
✔ native target schema rejects overlength, invented sources, stale and unchanged patches (1.450125ms)
✔ omitting an unresolved defect never approves it or freezes a prior positive review (1.471958ms)
✔ rejected edits retain the original candidate and consume the existing budget (1.323416ms)
✔ rejection bookkeeping cannot hide a repeated repair from the two-attempt fallback (2.703917ms)
✔ one bounded representation fallback preserves the recall and rechecks every gate (1.818791ms)
✔ a second capability fallback stops instead of repeatedly redrawing (1.681209ms)
✔ complete review is required even with no open defects, and interruptions are separate (1.151333ms)
✔ the earlier MegaBlocks eight-token/six-token conflict fails before drafting (1.442791ms)
✔ planning comparison preserves all declared identities and block arithmetic (32.443375ms)
✔ block grouping survives generation/publication schemas while legacy slot output is unchanged (1.281834ms)
✔ format recovery removes only received JSON fences and never invents missing content (0.48325ms)
✔ edit model receives native constraints and fingerprint-bound output schema (0.808083ms)
✔ rejected representation patches never adopt a replacement plan (1.595541ms)
✔ supplement edits preserve every other figure and quiz question (2.129875ms)
✔ overlapping targets are rejected and execution failures never become content retries (1.107916ms)
✔ review evidence binding changes with sources, schema or renderer inputs (1.675916ms)
✔ schematic token circles stay separate and connectors touch visible shapes (129.864375ms)
✔ renderer defects locate a figure for one bounded replan without editable targets (2.388167ms)
✔ defect verification receives current renderings and rejects stale bindings (0.922833ms)
✔ duplicate findings in one review retain both obligations without counting recurrence (1.365292ms)
✔ representation feasibility selects native edits without weakening acceptance (1.118666ms)
✔ source numeric gates recognize thousands without inventing fragments or values (8.110041ms)
✔ crowded memory transfer numbers have explicit leaders to their own connector (21.734875ms)
✔ adopted replans support explicit geometry resolution but never auto-resolve scientific findings (2.9535ms)
✔ retain corrected A privately with unrelated disputed B, then resolve B (1.349834ms)
✔ defect identity survives category changes and wider field localization (2.651291ms)
✔ an interrupted edit reserves its budget in the checkpoint before execution (1.906708ms)
✔ complete overlength drafts stay private and shorten through native field repairs (0.852542ms)
✔ native text findings override duplicate reviewer ownership and survive exhaustion (0.364291ms)
✔ identity reconciliation preserves renamed and relocated defects without merging distinct invariants (1.638541ms)
✔ duplicate identities within the first review share one controller obligation (0.450042ms)
✔ text repair receives the rejected math error and retains targeted retries (1.614083ms)
✔ first patch audit receives the newly registered targeted defect (0.9485ms)
✔ owning-array patches retain an unchanged overlong sibling privately but reject newly overlong text (1.138708ms)
✔ an owning-array patch adopts A while unchanged unrelated B remains disputed (1.388542ms)
✔ identical defect IDs retain one repair owner despite reviewer category disagreement (0.298959ms)
ℹ tests 137
ℹ suites 0
ℹ pass 137
ℹ fail 0
ℹ cancelled 0
ℹ skipped 0
ℹ todo 0
ℹ duration_ms 2096.856917
